// Jest Snapshot v1, https://goo.gl/fbAQLP

exports[`should render the body component 1`] = `
<div>
  <div
    class="inputField"
  >
    <div>
      <h3>
        Please Sign the Guestbook!
      </h3>
      
    </div>
    <form>
      <div
        class="text"
      >
        <label>
          Guest Entry
        </label>
        <textarea
          placeholder="Your Entry"
          required=""
        />
      </div>
      <div
        class="buttonAndSignout"
      >
        <button
          aria-label="sign"
        >
          Sign
        </button>
        
      </div>
    </form>
    <section
      class="entryContainer"
    />
  </div>
</div>
`;
